---
source: tui/src/app_server_session.rs
assertion_line: 4040
expression: "crate::chatwidget::tests::helpers::normalize_snapshot_paths(crate::chatwidget::tests::helpers::render_bottom_popup(&chat,\n40),)"
---
────────────────────────────────────────
❯ Ask Codex to do anything
────────────────────────────────────────
  GPT-5.5 default · /tmp/pr… Plan mode
