---
source: tui/src/app/tests/background_task_defaults_tests.rs
assertion_line: 124
expression: "crate::chatwidget::tests::helpers::normalize_snapshot_paths(snapshots.join(\"\\n\\n\"))"
---
owned=false
startup:

────────────────────────────────────────────────────────────────────────────────
❯ draft during startup
────────────────────────────────────────────────────────────────────────────────

attached:

────────────────────────────────────────────────────────────────────────────────
❯ draft during startup
────────────────────────────────────────────────────────────────────────────────
  GPT-6.1-Sol default · /tmp/project

owned=true
startup:
────────────────────────────────────────────────────────────────────────────────
❯ draft during startup
────────────────────────────────────────────────────────────────────────────────


attached:
────────────────────────────────────────────────────────────────────────────────
❯ draft during startup
────────────────────────────────────────────────────────────────────────────────
  GPT-6.1-Sol default · /tmp/project
