---
source: tui/src/statusline/color_picker_tests.rs
expression: "format!(\"BASIC 16\\n{basic}\\n\\nEXTENDED 256\\n{extended}\\n\\nRGB\\n{rgb}\")"
---
BASIC 16
┌Color Picker──────────────────────────────────────────────┐
│┌Mode────────────────────────────────────────────────────┐│
││[•] Basic (16)  [ ] Extended (256)  [ ] RGB             ││
│└────────────────────────────────────────────────────────┘│
│┌Basic Colors (ANSI 16)──────────────────────────────────┐│
││  ██    ██    ██    ██    ██    ██    ██    ██    ██    ││
││                                                        ││
││  ██  [ ██ ]  ██    ██    ██    ██    ██                ││
││                                                        ││
││Selected: 10 (LightGreen)                               ││
││                                                        ││
││                                                        ││
││                                                        ││
││                                                        ││
││                                                        ││
││                                                        ││
││                                                        ││
││                                                        ││
││                                                        ││
││                                                        ││
│└────────────────────────────────────────────────────────┘│
│┌Preview─────────────────────────────────────────────────┐│
││████ Color 16: 10 (LightGreen)                          ││
│└────────────────────────────────────────────────────────┘│
│┌────────────────────────────────────────────────────────┐│
││[Enter] Select  [Esc] Cancel  [Tab] Cycle Mode          ││
│└────────────────────────────────────────────────────────┘│
└──────────────────────────────────────────────────────────┘

EXTENDED 256
┌Color Picker──────────────────────────────────────────────┐
│┌Mode────────────────────────────────────────────────────┐│
││[ ] Basic (16)  [•] Extended (256)  [ ] RGB             ││
│└────────────────────────────────────────────────────────┘│
│┌Extended Colors (256)───────────────────────────────────┐│
││  ██     ██     ██     ██     ██     ██     ██     ██   ││
││                                                        ││
││[ ██ ]   ██     ██     ██     ██     ██     ██     ██   ││
││                                                        ││
││  ██     ██     ██     ██     ██     ██     ██     ██   ││
││                                                        ││
││  ██     ██     ██     ██     ██     ██     ██     ██   ││
││                                                        ││
││  ██     ██     ██     ██     ██     ██     ██     ██   ││
││                                                        ││
││  ██     ██     ██     ██     ██     ██     ██     ██   ││
││                                                        ││
││                                                        ││
││                                                        ││
││Selected: 200 | Use ↑↓←→ to navigate                    ││
│└────────────────────────────────────────────────────────┘│
│┌Preview─────────────────────────────────────────────────┐│
││████ Color 256: 200                                     ││
│└────────────────────────────────────────────────────────┘│
│┌────────────────────────────────────────────────────────┐│
││[Enter] Select  [Esc] Cancel  [Tab] Cycle Mode          ││
│└────────────────────────────────────────────────────────┘│
└──────────────────────────────────────────────────────────┘

RGB
┌Color Picker──────────────────────────────────────────────┐
│┌Mode────────────────────────────────────────────────────┐│
││[ ] Basic (16)  [ ] Extended (256)  [•] RGB             ││
│└────────────────────────────────────────────────────────┘│
│┌RGB Input───────────────────────────────────────────────┐│
││R[255]  G[128]  B[> 0 <]                                ││
││                                                        ││
││Hex: #                                                  ││
││                                                        ││
││                                                        ││
││                                                        ││
││                                                        ││
││                                                        ││
││                                                        ││
││                                                        ││
││                                                        ││
││                                                        ││
││                                                        ││
││                                                        ││
││                                                        ││
│└────────────────────────────────────────────────────────┘│
│┌Preview─────────────────────────────────────────────────┐│
││████ RGB: (255, 128, 0)                                 ││
│└────────────────────────────────────────────────────────┘│
│┌────────────────────────────────────────────────────────┐│
││[Enter] Select  [Esc] Cancel  [Tab] Cycle Mode          ││
│└────────────────────────────────────────────────────────┘│
└──────────────────────────────────────────────────────────┘
