---
source: tui/src/statusline/foundation_tests.rs
assertion_line: 182
expression: "(line, buffers)"
---
(
    Line::from_iter([
        Span::from("🤖 ").light_cyan(),
        Span::from("GPT 5.2 Codex · med").light_cyan(),
        Span::from(" │ ").dim(),
        Span::from("📁 ").light_yellow(),
        Span::from("codex").light_green(),
        Span::from(" │ ").dim(),
        Span::from("🌿 ").light_blue(),
        Span::from("main").light_blue(),
        Span::from(" ✓ ↑2 ↓1").light_blue(),
        Span::from(" │ ").dim(),
        Span::from("⚡\u{fe0f} ").light_magenta(),
        Span::from("39% · 50.0k tokens").light_magenta(),
        Span::from(" │ ").dim(),
        Span::from("\u{f0a9f} ").light_cyan(),
        Span::from("25%").light_cyan(),
        Span::from(" · 1-28-14").light_cyan(),
    ]),
    [
        Buffer {
            area: Rect { x: 0, y: 0, width: 120, height: 1 },
            content: [
                "🤖 GPT 5.2 Codex · med │ 📁 codex │ 🌿 main ✓ ↑2 ↓1 │ ⚡️ 39% · 50.0k tokens │ 󰪟 25% · 1-28-14                           ", // hidden by multi-width symbols: [(1, " "), (26, " "), (37, " "), (55, " ")]
            ],
            styles: [
                x: 0, y: 0, fg: LightCyan, bg: Reset, underline: Reset, modifier: NONE,
                x: 1, y: 0, fg: Reset, bg: Reset, underline: Reset, modifier: NONE,
                x: 2, y: 0, fg: LightCyan, bg: Reset, underline: Reset, modifier: NONE,
                x: 22, y: 0, fg: Reset, bg: Reset, underline: Reset, modifier: DIM,
                x: 25, y: 0, fg: LightYellow, bg: Reset, underline: Reset, modifier: NONE,
                x: 26, y: 0, fg: Reset, bg: Reset, underline: Reset, modifier: NONE,
                x: 27, y: 0, fg: LightYellow, bg: Reset, underline: Reset, modifier: NONE,
                x: 28, y: 0, fg: LightGreen, bg: Reset, underline: Reset, modifier: NONE,
                x: 33, y: 0, fg: Reset, bg: Reset, underline: Reset, modifier: DIM,
                x: 36, y: 0, fg: LightBlue, bg: Reset, underline: Reset, modifier: NONE,
                x: 37, y: 0, fg: Reset, bg: Reset, underline: Reset, modifier: NONE,
                x: 38, y: 0, fg: LightBlue, bg: Reset, underline: Reset, modifier: NONE,
                x: 51, y: 0, fg: Reset, bg: Reset, underline: Reset, modifier: DIM,
                x: 54, y: 0, fg: LightMagenta, bg: Reset, underline: Reset, modifier: NONE,
                x: 55, y: 0, fg: Reset, bg: Reset, underline: Reset, modifier: NONE,
                x: 56, y: 0, fg: LightMagenta, bg: Reset, underline: Reset, modifier: NONE,
                x: 75, y: 0, fg: Reset, bg: Reset, underline: Reset, modifier: DIM,
                x: 78, y: 0, fg: LightCyan, bg: Reset, underline: Reset, modifier: NONE,
                x: 93, y: 0, fg: Reset, bg: Reset, underline: Reset, modifier: NONE,
            ]
        },
        Buffer {
            area: Rect { x: 0, y: 0, width: 24, height: 1 },
            content: [
                "🤖 GPT 5.2 Codex · med │", // hidden by multi-width symbols: [(1, " ")]
            ],
            styles: [
                x: 0, y: 0, fg: LightCyan, bg: Reset, underline: Reset, modifier: NONE,
                x: 1, y: 0, fg: Reset, bg: Reset, underline: Reset, modifier: NONE,
                x: 2, y: 0, fg: LightCyan, bg: Reset, underline: Reset, modifier: NONE,
                x: 22, y: 0, fg: Reset, bg: Reset, underline: Reset, modifier: DIM,
            ]
        },
        Buffer {
            area: Rect { x: 0, y: 0, width: 1, height: 1 },
            content: [
                "G",
            ],
            styles: [
                x: 0, y: 0, fg: LightCyan, bg: Reset, underline: Reset, modifier: NONE,
            ]
        },
        Buffer {
            area: Rect { x: 0, y: 0, width: 0, height: 1 }
        },
    ],
)
