---
source: tui/src/statusline/editor_tests.rs
expression: "format!(\"WIDE\\n{wide}\\n\\nNARROW\\n{narrow}\")"
---
WIDE
┌──────────────────────────────────────────────────────────────────────────────────────────────────┐
│                                       CxLine Configuration                                       │
└──────────────────────────────────────────────────────────────────────────────────────────────────┘
┌Preview───────────────────────────────────────────────────────────────────────────────────────────┐
│ GPT 5.2 Codex ·med │ 󰉋 Cxline │ 󰊢 main ✓ │  39% · 50.0k tokens │ 󰪟 25% · 1-28-14               │
└──────────────────────────────────────────────────────────────────────────────────────────────────┘
┌Theme─────────────────────────────────────────────────────────────────────────────────────────────┐
│[ ] default  [✓] cometix  [ ] minimal  [ ] gruvbox  [ ] nord  [ ] powerline-dark                  │
│[ ] powerline-light  [ ] powerline-rose-pine  [ ] powerline-tokyo-night                           │
└──────────────────────────────────────────────────────────────────────────────────────────────────┘
┌Segments────────────────────┐┌Settings────────────────────────────────────────────────────────────┐
│▶ ● Model                   ││Model Segment                                                       │
│  ● Directory               ││                                                                    │
│  ● Git                     ││  ├─ Enabled: ✓                                                     │
│  ● Context Window          ││  ├─ Icon:                                                         │
│  ● Usage                   ││  ├─ Icon Color: ██                                                 │
│                            ││  ├─ Text Color: ██                                                 │
│                            ││  ├─ Background: --                                                 │
│                            ││  ├─ Bold: [✓]                                                      │
│                            ││  └─ Options: 0 items                                               │
│                            ││                                                                    │
│                            ││                                                                    │
│                            ││                                                                    │
│                            ││                                                                    │
│                            ││                                                                    │
│                            ││                                                                    │
│                            ││                                                                    │
└────────────────────────────┘└────────────────────────────────────────────────────────────────────┘
┌Help──────────────────────────────────────────────────────────────────────────────────────────────┐
│[Tab] Switch Panel  [↑↓] Select  [Shift+↑↓] Reorder  [Enter] Toggle/Edit  [1-9] Theme             │
│[P] Cycle Theme  [R] Reset Theme  [E] Edit Separator  [W] Write Theme  [Ctrl+S] Save Theme        │
└──────────────────────────────────────────────────────────────────────────────────────────────────┘

NARROW
┌──────────────────────────────────────────────┐
│             CxLine Configuration             │
└──────────────────────────────────────────────┘
┌Preview───────────────────────────────────────┐
│ GPT 5.2 Codex ·med │ 󰉋 Cxline │ 󰊢 main ✓ │ │
└──────────────────────────────────────────────┘
┌Theme─────────────────────────────────────────┐
│[ ] default  [✓] cometix  [ ] minimal         │
│[ ] gruvbox  [ ] nord  [ ] powerline-dark     │
└──────────────────────────────────────────────┘
┌Segments────┐┌Settings────────────────────────┐
│  ● Model   ││Git Segment                     │
│  ● Director││                                │
│  ● Git     ││  ├─ Enabled: ✓                 │
│  ● Context ││  ├─ Icon: 󰊢                    │
│  ● Usage   ││  ├─ Icon Color: ██             │
│            ││▶ ├─ Text Color: ██             │
│            ││  ├─ Background: --             │
│            ││  ├─ Bold: [✓]                  │
└────────────┘└────────────────────────────────┘
┌Help──────────────────────────────────────────┐
│[Tab] Switch Panel  [↑↓] Select               │
│[Shift+↑↓] Reorder  [Enter] Toggle/Edit       │
└──────────────────────────────────────────────┘
