---
source: tui/src/bottom_pane/chat_composer.rs
assertion_line: 9610
expression: terminal.backend()
---
"› /pets  choose or hide the terminal pet                    "
"────────────────────────────────────────────────────────────"
"❯ /pet                                                      "
"────────────────────────────────────────────────────────────"
"                                         100% context left  "
