---
source: tui/src/bottom_pane/chat_composer.rs
assertion_line: 13046
expression: terminal.backend()
---
"────────────────────────────────────────"
"❯ Shutting down...                      "
"                                        "
"                                        "
"────────────────────────────────────────"
