---
source: tui/src/bottom_pane/chat_composer.rs
assertion_line: 9473
expression: terminal.backend()
---
"› /model  choose what model and reasoning effort to use     "
"────────────────────────────────────────────────────────────"
"❯ /mo                                                       "
"────────────────────────────────────────────────────────────"
"                                         100% context left  "
