---
source: tui/src/chatwidget/tests/side.rs
assertion_line: 409
expression: terminal.backend()
---
"                                                                                "
"────────────────────────────────────────────────────────────────────────────────"
"❯ Ask a follow-up question                                                      "
"────────────────────────────────────────────────────────────────────────────────"
"  GPT-5.6-Sol       Side from main thread · ctrl+/ to switch · ctrl+c to close  "
